Archive member included because of file (symbol)

c:/program files (x86)/microchip/mplabc32/v2.02/bin/../lib/gcc/pic32mx/4.5.1/../../../../pic32mx/lib\libc.a(memset.o)
                              Objects\460F512L PIM\usb_device.o (memset)
c:/program files (x86)/microchip/mplabc32/v2.02/bin/../lib/gcc/pic32mx/4.5.1/../../../../pic32mx/lib\libc.a(general-exception.o)
                              c:/program files (x86)/microchip/mplabc32/v2.02/bin/../lib/gcc/pic32mx/4.5.1/../../../../pic32mx/lib/crt0.o (_general_exception_context)
c:/program files (x86)/microchip/mplabc32/v2.02/bin/../lib/gcc/pic32mx/4.5.1/../../../../pic32mx/lib\libc.a(default-general-exception-handler.o)
                              c:/program files (x86)/microchip/mplabc32/v2.02/bin/../lib/gcc/pic32mx/4.5.1/../../../../pic32mx/lib\libc.a(general-exception.o) (_general_exception_handler)
c:/program files (x86)/microchip/mplabc32/v2.02/bin/../lib/gcc/pic32mx/4.5.1/../../../../pic32mx/lib\libc.a(default-bootstrap-exception-handler.o)
                              c:/program files (x86)/microchip/mplabc32/v2.02/bin/../lib/gcc/pic32mx/4.5.1/../../../../pic32mx/lib/crt0.o (_bootstrap_exception_handler)
c:/program files (x86)/microchip/mplabc32/v2.02/bin/../lib/gcc/pic32mx/4.5.1/../../../../pic32mx/lib\libc.a(default-on-reset.o)
                              c:/program files (x86)/microchip/mplabc32/v2.02/bin/../lib/gcc/pic32mx/4.5.1/../../../../pic32mx/lib/crt0.o (_on_reset)
c:/program files (x86)/microchip/mplabc32/v2.02/bin/../lib/gcc/pic32mx/4.5.1/../../../../pic32mx/lib\libc.a(default-on-bootstrap.o)
                              c:/program files (x86)/microchip/mplabc32/v2.02/bin/../lib/gcc/pic32mx/4.5.1/../../../../pic32mx/lib/crt0.o (_on_bootstrap)
c:/program files (x86)/microchip/mplabc32/v2.02/bin/../lib/gcc/pic32mx/4.5.1/../../../../pic32mx/lib\libc.a(default-nmi-handler.o)
                              c:/program files (x86)/microchip/mplabc32/v2.02/bin/../lib/gcc/pic32mx/4.5.1/../../../../pic32mx/lib/crt0.o (_nmi_handler)
c:/program files (x86)/microchip/mplabc32/v2.02/bin/../lib/gcc/pic32mx/4.5.1/../../../../pic32mx/lib\libmchp_peripheral_32MX460F512L.a(int_enable_interrupts_lib.o)
                              Objects\460F512L PIM\usb_device.o (INTEnableInterrupts)
c:/program files (x86)/microchip/mplabc32/v2.02/bin/../lib/gcc/pic32mx/4.5.1/../../../../pic32mx/lib\libmchp_peripheral_32MX460F512L.a(int_enable_mv_int_lib.o)
                              Objects\460F512L PIM\usb_device.o (INTEnableSystemMultiVectoredInt)

Allocating common symbols
Common symbol       size              file

pDst                0x4               Objects\460F512L PIM\usb_device.o
USBDeferINDataStagePackets
                    0x4               Objects\460F512L PIM\usb_device.o
BDT                 0x40              Objects\460F512L PIM\usb_device.o
CtrlTrfData         0x8               Objects\460F512L PIM\usb_device.o
hid_report_out      0x3               Objects\460F512L PIM\usb_device.o
USBDeferOUTDataStagePackets
                    0x4               Objects\460F512L PIM\usb_device.o
USBDeviceState      0x4               Objects\460F512L PIM\usb_device.o
controlTransferState
                    0x1               Objects\460F512L PIM\usb_device.o
endpoint_number     0x1               Objects\460F512L PIM\usb_device.o
inPipes             0x10              Objects\460F512L PIM\usb_device.o
pBDTEntryIn         0x8               Objects\460F512L PIM\usb_device.o
hid_report_in       0x3               Objects\460F512L PIM\usb_device.o
ep_data_out         0x2               Objects\460F512L PIM\usb_device.o
USBStatusStageEnabledFlag1
                    0x4               Objects\460F512L PIM\usb_device.o
ReceivedDataBuffer  0x40              Objects\460F512L PIM\main.o
USBStatusStageEnabledFlag2
                    0x4               Objects\460F512L PIM\usb_device.o
pBDTEntryOut        0x8               Objects\460F512L PIM\usb_device.o
BothEP0OutUOWNsSet  0x4               Objects\460F512L PIM\usb_device.o
pBDTEntryEP0OutNext
                    0x4               Objects\460F512L PIM\usb_device.o
USBBusIsSuspended   0x4               Objects\460F512L PIM\usb_device.o
USBStatusStageTimeoutCounter
                    0x1               Objects\460F512L PIM\usb_device.o
ToSendDataBuffer    0x40              Objects\460F512L PIM\main.o
SetupPkt            0x8               Objects\460F512L PIM\usb_device.o
ep_data_in          0x2               Objects\460F512L PIM\usb_device.o
active_protocol     0x1               Objects\460F512L PIM\usb_function_hid.o
shortPacketStatus   0x1               Objects\460F512L PIM\usb_device.o
pBDTEntryEP0OutCurrent
                    0x4               Objects\460F512L PIM\usb_device.o
USBActiveConfiguration
                    0x1               Objects\460F512L PIM\usb_device.o
RemoteWakeup        0x4               Objects\460F512L PIM\usb_device.o
USTATcopy           0x1               Objects\460F512L PIM\usb_device.o
USBAlternateInterface
                    0x1               Objects\460F512L PIM\usb_device.o
outPipes            0xb               Objects\460F512L PIM\usb_device.o
USBDeferStatusStagePacket
                    0x4               Objects\460F512L PIM\usb_device.o
_uLCDloops          0x4               Objects\460F512L PIM\lcd_demo.o
idle_rate           0x1               Objects\460F512L PIM\usb_function_hid.o

Microchip PIC32 Memory-Usage Report

kseg0 Program-Memory Usage
section                    address  length [bytes]      (dec)  Description
-------                 ----------  -------------------------  -----------
.text                   0x9d000008         0x5228       21032  App's exec code 
.rodata                 0x9d005230           0xd4         212  Read-only const 
.text.general_exception 0x9d005304           0xd0         208   
.text                   0x9d0053d4           0xa8         168  App's exec code 
.rodata                 0x9d00547c           0x88         136  Read-only const 
.dinit                  0x9d005504           0x38          56   
.text.INTEnableSystemMu 0x9d00553c           0x34          52   
.text                   0x9d005570           0x28          40  App's exec code 
.text._general_exceptio 0x9d005598            0xc          12   
.text._bootstrap_except 0x9d0055a4            0xc          12   
.text._on_reset         0x9d0055b0            0x8           8   
.text._on_bootstrap     0x9d0055b8            0x8           8   
.text.INTEnableInterrup 0x9d0055c0            0x8           8   
      Total kseg0_program_mem used  :      0x55c0       21952  4.2% of 0x80000

kseg0 Boot-Memory Usage
section                    address  length [bytes]      (dec)  Description
-------                 ----------  -------------------------  -----------
         Total kseg0_boot_mem used  :           0           0  <1% of 0x970

Exception-Memory Usage 
section                    address  length [bytes]      (dec)  Description
-------                 ----------  -------------------------  -----------
.app_excpt              0x9fc01180           0x10          16  General-Exception 
.vector_45              0x9fc017a0            0x8           8  Interrupt Vector 45 
          Total exception_mem used  :        0x18          24  0.6% of 0x1000

kseg1 Boot-Memory Usage
section                    address  length [bytes]      (dec)  Description
-------                 ----------  -------------------------  -----------
.reset                  0xbfc00000          0x1f4         500  Reset handler 
.bev_excpt              0xbfc00380           0x10          16  BEV-Exception 
         Total kseg1_boot_mem used  :       0x204         516  44.2% of 0x490
        --------------------------------------------------------------------------
         Total Program Memory used  :      0x57dc       22492  4.2% of 0x81e00
        --------------------------------------------------------------------------


kseg1 Data-Memory Usage
section                    address  length [bytes]      (dec)  Description
-------                 ----------  -------------------------  -----------
.sdata                  0xa0000000            0x4           4  Small init data 
.sbss                   0xa0000004           0x8c         140  Small uninit data 
.bss                    0xa0000200          0x25c         604  Uninitialized data 
         Total kseg1_data_mem used  :       0x2ec         748  2.3% of 0x8000
        --------------------------------------------------------------------------
            Total Data Memory used  :       0x2ec         748  2.3% of 0x8000
        --------------------------------------------------------------------------


Dynamic Data-Memory Reservation
section                    address  length [bytes]      (dec)  Description
-------                 ----------  -------------------------  -----------
heap                    0xa0000460              0           0  Reserved for heap 
stack                   0xa0000478         0x7b78       31608  Reserved for stack 

        --------------------------------------------------------------------------

Discarded input sections

 .reginfo       0x00000000       0x18 c:/program files (x86)/microchip/mplabc32/v2.02/bin/../lib/gcc/pic32mx/4.5.1/../../../../pic32mx/lib/crt0.o
 .pdr           0x00000000       0xa0 c:/program files (x86)/microchip/mplabc32/v2.02/bin/../lib/gcc/pic32mx/4.5.1/../../../../pic32mx/lib/crt0.o
 .reginfo       0x00000000       0x18 Objects\460F512L PIM\main.o
 .pdr           0x00000000      0x240 Objects\460F512L PIM\main.o
 .reginfo       0x00000000       0x18 Objects\460F512L PIM\usb_device.o
 .pdr           0x00000000      0x360 Objects\460F512L PIM\usb_device.o
 .reginfo       0x00000000       0x18 Objects\460F512L PIM\usb_function_hid.o
 .pdr           0x00000000       0x20 Objects\460F512L PIM\usb_function_hid.o
 .reginfo       0x00000000       0x18 Objects\460F512L PIM\lcd_demo.o
 .pdr           0x00000000      0x160 Objects\460F512L PIM\lcd_demo.o
 .reginfo       0x00000000       0x18 Objects\460F512L PIM\usb_descriptors.o
 .pdr           0x00000000        0x0 Objects\460F512L PIM\usb_descriptors.o
 .reginfo       0x00000000       0x18 c:/program files (x86)/microchip/mplabc32/v2.02/bin/../lib/gcc/pic32mx/4.5.1/../../../../pic32mx/lib\libc.a(memset.o)
 .pdr           0x00000000       0x20 c:/program files (x86)/microchip/mplabc32/v2.02/bin/../lib/gcc/pic32mx/4.5.1/../../../../pic32mx/lib\libc.a(memset.o)
 .reginfo       0x00000000       0x18 c:/program files (x86)/microchip/mplabc32/v2.02/bin/../lib/gcc/pic32mx/4.5.1/../../../../pic32mx/lib\libc.a(general-exception.o)
 .pdr           0x00000000       0x20 c:/program files (x86)/microchip/mplabc32/v2.02/bin/../lib/gcc/pic32mx/4.5.1/../../../../pic32mx/lib\libc.a(general-exception.o)
 .reginfo       0x00000000       0x18 c:/program files (x86)/microchip/mplabc32/v2.02/bin/../lib/gcc/pic32mx/4.5.1/../../../../pic32mx/lib\libc.a(default-general-exception-handler.o)
 .pdr           0x00000000       0x20 c:/program files (x86)/microchip/mplabc32/v2.02/bin/../lib/gcc/pic32mx/4.5.1/../../../../pic32mx/lib\libc.a(default-general-exception-handler.o)
 .reginfo       0x00000000       0x18 c:/program files (x86)/microchip/mplabc32/v2.02/bin/../lib/gcc/pic32mx/4.5.1/../../../../pic32mx/lib\libc.a(default-bootstrap-exception-handler.o)
 .pdr           0x00000000       0x20 c:/program files (x86)/microchip/mplabc32/v2.02/bin/../lib/gcc/pic32mx/4.5.1/../../../../pic32mx/lib\libc.a(default-bootstrap-exception-handler.o)
 .reginfo       0x00000000       0x18 c:/program files (x86)/microchip/mplabc32/v2.02/bin/../lib/gcc/pic32mx/4.5.1/../../../../pic32mx/lib\libc.a(default-on-reset.o)
 .pdr           0x00000000       0x20 c:/program files (x86)/microchip/mplabc32/v2.02/bin/../lib/gcc/pic32mx/4.5.1/../../../../pic32mx/lib\libc.a(default-on-reset.o)
 .reginfo       0x00000000       0x18 c:/program files (x86)/microchip/mplabc32/v2.02/bin/../lib/gcc/pic32mx/4.5.1/../../../../pic32mx/lib\libc.a(default-on-bootstrap.o)
 .pdr           0x00000000       0x20 c:/program files (x86)/microchip/mplabc32/v2.02/bin/../lib/gcc/pic32mx/4.5.1/../../../../pic32mx/lib\libc.a(default-on-bootstrap.o)
 .reginfo       0x00000000       0x18 c:/program files (x86)/microchip/mplabc32/v2.02/bin/../lib/gcc/pic32mx/4.5.1/../../../../pic32mx/lib\libc.a(default-nmi-handler.o)
 .pdr           0x00000000       0x20 c:/program files (x86)/microchip/mplabc32/v2.02/bin/../lib/gcc/pic32mx/4.5.1/../../../../pic32mx/lib\libc.a(default-nmi-handler.o)
 .reginfo       0x00000000       0x18 c:/program files (x86)/microchip/mplabc32/v2.02/bin/../lib/gcc/pic32mx/4.5.1/../../../../pic32mx/lib\libmchp_peripheral_32MX460F512L.a(int_enable_interrupts_lib.o)
 .pdr           0x00000000       0x20 c:/program files (x86)/microchip/mplabc32/v2.02/bin/../lib/gcc/pic32mx/4.5.1/../../../../pic32mx/lib\libmchp_peripheral_32MX460F512L.a(int_enable_interrupts_lib.o)
 .reginfo       0x00000000       0x18 c:/program files (x86)/microchip/mplabc32/v2.02/bin/../lib/gcc/pic32mx/4.5.1/../../../../pic32mx/lib\libmchp_peripheral_32MX460F512L.a(int_enable_mv_int_lib.o)
 .pdr           0x00000000       0x20 c:/program files (x86)/microchip/mplabc32/v2.02/bin/../lib/gcc/pic32mx/4.5.1/../../../../pic32mx/lib\libmchp_peripheral_32MX460F512L.a(int_enable_mv_int_lib.o)
 .reginfo       0x00000000       0x18 c:/program files (x86)/microchip/mplabc32/v2.02/bin/../lib/gcc/pic32mx/4.5.1/../../../../pic32mx/lib/./proc/32MX460F512L\processor.o
 .pdr           0x00000000        0x0 c:/program files (x86)/microchip/mplabc32/v2.02/bin/../lib/gcc/pic32mx/4.5.1/../../../../pic32mx/lib/./proc/32MX460F512L\processor.o

Memory Configuration

Name             Origin             Length             Attributes
kseg0_program_mem 0x9d000000         0x00080000         xr
kseg0_boot_mem   0x9fc00490         0x00000970
exception_mem    0x9fc01000         0x00001000
kseg1_boot_mem   0xbfc00000         0x00000490
debug_exec_mem   0xbfc02000         0x00000ff0
config3          0xbfc02ff0         0x00000004
config2          0xbfc02ff4         0x00000004
config1          0xbfc02ff8         0x00000004
config0          0xbfc02ffc         0x00000004
kseg1_data_mem   0xa0000000         0x00008000         w !x
sfrs             0xbf800000         0x00100000
configsfrs       0xbfc02ff0         0x00000010
*default*        0x00000000         0xffffffff

Linker script and memory map

LOAD c:/program files (x86)/microchip/mplabc32/v2.02/bin/../lib/gcc/pic32mx/4.5.1/../../../../pic32mx/lib/crt0.o
LOAD Objects\460F512L PIM\main.o
LOAD Objects\460F512L PIM\usb_device.o
LOAD Objects\460F512L PIM\usb_function_hid.o
LOAD Objects\460F512L PIM\lcd_demo.o
LOAD Objects\460F512L PIM\usb_descriptors.o
                0x00000001                __MPLAB_BUILD = 0x1
LOAD c:/program files (x86)/microchip/mplabc32/v2.02/bin/../lib/gcc/pic32mx/4.5.1\libgcc.a
START GROUP
LOAD c:/program files (x86)/microchip/mplabc32/v2.02/bin/../lib/gcc/pic32mx/4.5.1/../../../../pic32mx/lib\libdebug.a
LOAD c:/program files (x86)/microchip/mplabc32/v2.02/bin/../lib/gcc/pic32mx/4.5.1/../../../../pic32mx/lib\libc.a
LOAD c:/program files (x86)/microchip/mplabc32/v2.02/bin/../lib/gcc/pic32mx/4.5.1/../../../../pic32mx/lib\libm.a
LOAD c:/program files (x86)/microchip/mplabc32/v2.02/bin/../lib/gcc/pic32mx/4.5.1/../../../../pic32mx/lib\libe.a
LOAD c:/program files (x86)/microchip/mplabc32/v2.02/bin/../lib/gcc/pic32mx/4.5.1/../../../../pic32mx/lib\libdsp.a
LOAD c:/program files (x86)/microchip/mplabc32/v2.02/bin/../lib/gcc/pic32mx/4.5.1/../../../../pic32mx/lib\libmchp_peripheral.a
LOAD c:/program files (x86)/microchip/mplabc32/v2.02/bin/../lib/gcc/pic32mx/4.5.1/../../../../pic32mx/lib\libmchp_peripheral_32MX460F512L.a
END GROUP
LOAD c:/program files (x86)/microchip/mplabc32/v2.02/bin/../lib/gcc/pic32mx/4.5.1\libgcc.a
                0x00000400                PROVIDE (_min_stack_size, 0x400)
                0x00000000                PROVIDE (_min_heap_size, 0x0)
LOAD c:/program files (x86)/microchip/mplabc32/v2.02/bin/../lib/gcc/pic32mx/4.5.1/../../../../pic32mx/lib/./proc/32MX460F512L\processor.o
                0x00000001                PROVIDE (_vector_spacing, 0x1)
                0x9fc01000                _ebase_address = 0x9fc01000
                0xbfc00000                _RESET_ADDR = 0xbfc00000
                0xbfc00380                _BEV_EXCPT_ADDR = 0xbfc00380
                0xbfc00480                _DBG_EXCPT_ADDR = 0xbfc00480
                0xbfc02000                _DBG_CODE_ADDR = 0xbfc02000
                0x00000ff0                _DBG_CODE_SIZE = 0xff0
                0x9fc01180                _GEN_EXCPT_ADDR = (_ebase_address + 0x180)

.config_BFC02FF0
 *(.config_BFC02FF0)

.config_BFC02FF4
                0xbfc02ff4        0x4
 *(.config_BFC02FF4)
 .config_BFC02FF4
                0xbfc02ff4        0x4 Objects\460F512L PIM\main.o

.config_BFC02FF8
                0xbfc02ff8        0x4
 *(.config_BFC02FF8)
 .config_BFC02FF8
                0xbfc02ff8        0x4 Objects\460F512L PIM\main.o

.config_BFC02FFC
                0xbfc02ffc        0x4
 *(.config_BFC02FFC)
 .config_BFC02FFC
                0xbfc02ffc        0x4 Objects\460F512L PIM\main.o
                0xbfc02000                PROVIDE (_DBG_CODE_ADDR, 0xbfc02000)
                0x00000ff0                PROVIDE (_DBG_CODE_SIZE, 0xff0)

.reset          0xbfc00000      0x1f4
 *(.reset)
 .reset         0xbfc00000       0x10 c:/program files (x86)/microchip/mplabc32/v2.02/bin/../lib/gcc/pic32mx/4.5.1/../../../../pic32mx/lib/crt0.o
                0xbfc00000                _reset
 *(.reset.startup)
 .reset.startup
                0xbfc00010      0x1e4 c:/program files (x86)/microchip/mplabc32/v2.02/bin/../lib/gcc/pic32mx/4.5.1/../../../../pic32mx/lib/crt0.o

.bev_excpt      0xbfc00380       0x10
 *(.bev_handler)
 .bev_handler   0xbfc00380       0x10 c:/program files (x86)/microchip/mplabc32/v2.02/bin/../lib/gcc/pic32mx/4.5.1/../../../../pic32mx/lib/crt0.o

.dbg_excpt      0xbfc00480        0x0
                0xbfc00480                . = (. + DEFINED (_DEBUGGER)?0x8:0x0)

.dbg_code       0xbfc02000        0x0
                0xbfc02000                . = (. + DEFINED (_DEBUGGER)?_DBG_CODE_SIZE:0x0)

.app_excpt      0x9fc01180       0x10
 *(.gen_handler)
 .gen_handler   0x9fc01180       0x10 c:/program files (x86)/microchip/mplabc32/v2.02/bin/../lib/gcc/pic32mx/4.5.1/../../../../pic32mx/lib/crt0.o

.vector_0       0x9fc01200        0x0
 *(.vector_0)
                0x00000001                ASSERT (((_vector_spacing == 0x0) || (SIZEOF (.vector_0) <= (_vector_spacing << 0x5))), function at exception vector 0 too large)

.vector_1       0x9fc01220        0x0
 *(.vector_1)
                0x00000001                ASSERT (((_vector_spacing == 0x0) || (SIZEOF (.vector_1) <= (_vector_spacing << 0x5))), function at exception vector 1 too large)

.vector_2       0x9fc01240        0x0
 *(.vector_2)
                0x00000001                ASSERT (((_vector_spacing == 0x0) || (SIZEOF (.vector_2) <= (_vector_spacing << 0x5))), function at exception vector 2 too large)

.vector_3       0x9fc01260        0x0
 *(.vector_3)
                0x00000001                ASSERT (((_vector_spacing == 0x0) || (SIZEOF (.vector_3) <= (_vector_spacing << 0x5))), function at exception vector 3 too large)

.vector_4       0x9fc01280        0x0
 *(.vector_4)
                0x00000001                ASSERT (((_vector_spacing == 0x0) || (SIZEOF (.vector_4) <= (_vector_spacing << 0x5))), function at exception vector 4 too large)

.vector_5       0x9fc012a0        0x0
 *(.vector_5)
                0x00000001                ASSERT (((_vector_spacing == 0x0) || (SIZEOF (.vector_5) <= (_vector_spacing << 0x5))), function at exception vector 5 too large)

.vector_6       0x9fc012c0        0x0
 *(.vector_6)
                0x00000001                ASSERT (((_vector_spacing == 0x0) || (SIZEOF (.vector_6) <= (_vector_spacing << 0x5))), function at exception vector 6 too large)

.vector_7       0x9fc012e0        0x0
 *(.vector_7)
                0x00000001                ASSERT (((_vector_spacing == 0x0) || (SIZEOF (.vector_7) <= (_vector_spacing << 0x5))), function at exception vector 7 too large)

.vector_8       0x9fc01300        0x0
 *(.vector_8)
                0x00000001                ASSERT (((_vector_spacing == 0x0) || (SIZEOF (.vector_8) <= (_vector_spacing << 0x5))), function at exception vector 8 too large)

.vector_9       0x9fc01320        0x0
 *(.vector_9)
                0x00000001                ASSERT (((_vector_spacing == 0x0) || (SIZEOF (.vector_9) <= (_vector_spacing << 0x5))), function at exception vector 9 too large)

.vector_10      0x9fc01340        0x0
 *(.vector_10)
                0x00000001                ASSERT (((_vector_spacing == 0x0) || (SIZEOF (.vector_10) <= (_vector_spacing << 0x5))), function at exception vector 10 too large)

.vector_11      0x9fc01360        0x0
 *(.vector_11)
                0x00000001                ASSERT (((_vector_spacing == 0x0) || (SIZEOF (.vector_11) <= (_vector_spacing << 0x5))), function at exception vector 11 too large)

.vector_12      0x9fc01380        0x0
 *(.vector_12)
                0x00000001                ASSERT (((_vector_spacing == 0x0) || (SIZEOF (.vector_12) <= (_vector_spacing << 0x5))), function at exception vector 12 too large)

.vector_13      0x9fc013a0        0x0
 *(.vector_13)
                0x00000001                ASSERT (((_vector_spacing == 0x0) || (SIZEOF (.vector_13) <= (_vector_spacing << 0x5))), function at exception vector 13 too large)

.vector_14      0x9fc013c0        0x0
 *(.vector_14)
                0x00000001                ASSERT (((_vector_spacing == 0x0) || (SIZEOF (.vector_14) <= (_vector_spacing << 0x5))), function at exception vector 14 too large)

.vector_15      0x9fc013e0        0x0
 *(.vector_15)
                0x00000001                ASSERT (((_vector_spacing == 0x0) || (SIZEOF (.vector_15) <= (_vector_spacing << 0x5))), function at exception vector 15 too large)

.vector_16      0x9fc01400        0x0
 *(.vector_16)
                0x00000001                ASSERT (((_vector_spacing == 0x0) || (SIZEOF (.vector_16) <= (_vector_spacing << 0x5))), function at exception vector 16 too large)

.vector_17      0x9fc01420        0x0
 *(.vector_17)
                0x00000001                ASSERT (((_vector_spacing == 0x0) || (SIZEOF (.vector_17) <= (_vector_spacing << 0x5))), function at exception vector 17 too large)

.vector_18      0x9fc01440        0x0
 *(.vector_18)
                0x00000001                ASSERT (((_vector_spacing == 0x0) || (SIZEOF (.vector_18) <= (_vector_spacing << 0x5))), function at exception vector 18 too large)

.vector_19      0x9fc01460        0x0
 *(.vector_19)
                0x00000001                ASSERT (((_vector_spacing == 0x0) || (SIZEOF (.vector_19) <= (_vector_spacing << 0x5))), function at exception vector 19 too large)

.vector_20      0x9fc01480        0x0
 *(.vector_20)
                0x00000001                ASSERT (((_vector_spacing == 0x0) || (SIZEOF (.vector_20) <= (_vector_spacing << 0x5))), function at exception vector 20 too large)

.vector_21      0x9fc014a0        0x0
 *(.vector_21)
                0x00000001                ASSERT (((_vector_spacing == 0x0) || (SIZEOF (.vector_21) <= (_vector_spacing << 0x5))), function at exception vector 21 too large)

.vector_22      0x9fc014c0        0x0
 *(.vector_22)
                0x00000001                ASSERT (((_vector_spacing == 0x0) || (SIZEOF (.vector_22) <= (_vector_spacing << 0x5))), function at exception vector 22 too large)

.vector_23      0x9fc014e0        0x0
 *(.vector_23)
                0x00000001                ASSERT (((_vector_spacing == 0x0) || (SIZEOF (.vector_23) <= (_vector_spacing << 0x5))), function at exception vector 23 too large)

.vector_24      0x9fc01500        0x0
 *(.vector_24)
                0x00000001                ASSERT (((_vector_spacing == 0x0) || (SIZEOF (.vector_24) <= (_vector_spacing << 0x5))), function at exception vector 24 too large)

.vector_25      0x9fc01520        0x0
 *(.vector_25)
                0x00000001                ASSERT (((_vector_spacing == 0x0) || (SIZEOF (.vector_25) <= (_vector_spacing << 0x5))), function at exception vector 25 too large)

.vector_26      0x9fc01540        0x0
 *(.vector_26)
                0x00000001                ASSERT (((_vector_spacing == 0x0) || (SIZEOF (.vector_26) <= (_vector_spacing << 0x5))), function at exception vector 26 too large)

.vector_27      0x9fc01560        0x0
 *(.vector_27)
                0x00000001                ASSERT (((_vector_spacing == 0x0) || (SIZEOF (.vector_27) <= (_vector_spacing << 0x5))), function at exception vector 27 too large)

.vector_28      0x9fc01580        0x0
 *(.vector_28)
                0x00000001                ASSERT (((_vector_spacing == 0x0) || (SIZEOF (.vector_28) <= (_vector_spacing << 0x5))), function at exception vector 28 too large)

.vector_29      0x9fc015a0        0x0
 *(.vector_29)
                0x00000001                ASSERT (((_vector_spacing == 0x0) || (SIZEOF (.vector_29) <= (_vector_spacing << 0x5))), function at exception vector 29 too large)

.vector_30      0x9fc015c0        0x0
 *(.vector_30)
                0x00000001                ASSERT (((_vector_spacing == 0x0) || (SIZEOF (.vector_30) <= (_vector_spacing << 0x5))), function at exception vector 30 too large)

.vector_31      0x9fc015e0        0x0
 *(.vector_31)
                0x00000001                ASSERT (((_vector_spacing == 0x0) || (SIZEOF (.vector_31) <= (_vector_spacing << 0x5))), function at exception vector 31 too large)

.vector_32      0x9fc01600        0x0
 *(.vector_32)
                0x00000001                ASSERT (((_vector_spacing == 0x0) || (SIZEOF (.vector_32) <= (_vector_spacing << 0x5))), function at exception vector 32 too large)

.vector_33      0x9fc01620        0x0
 *(.vector_33)
                0x00000001                ASSERT (((_vector_spacing == 0x0) || (SIZEOF (.vector_33) <= (_vector_spacing << 0x5))), function at exception vector 33 too large)

.vector_34      0x9fc01640        0x0
 *(.vector_34)
                0x00000001                ASSERT (((_vector_spacing == 0x0) || (SIZEOF (.vector_34) <= (_vector_spacing << 0x5))), function at exception vector 34 too large)

.vector_35      0x9fc01660        0x0
 *(.vector_35)
                0x00000001                ASSERT (((_vector_spacing == 0x0) || (SIZEOF (.vector_35) <= (_vector_spacing << 0x5))), function at exception vector 35 too large)

.vector_36      0x9fc01680        0x0
 *(.vector_36)
                0x00000001                ASSERT (((_vector_spacing == 0x0) || (SIZEOF (.vector_36) <= (_vector_spacing << 0x5))), function at exception vector 36 too large)

.vector_37      0x9fc016a0        0x0
 *(.vector_37)
                0x00000001                ASSERT (((_vector_spacing == 0x0) || (SIZEOF (.vector_37) <= (_vector_spacing << 0x5))), function at exception vector 37 too large)

.vector_38      0x9fc016c0        0x0
 *(.vector_38)
                0x00000001                ASSERT (((_vector_spacing == 0x0) || (SIZEOF (.vector_38) <= (_vector_spacing << 0x5))), function at exception vector 38 too large)

.vector_39      0x9fc016e0        0x0
 *(.vector_39)
                0x00000001                ASSERT (((_vector_spacing == 0x0) || (SIZEOF (.vector_39) <= (_vector_spacing << 0x5))), function at exception vector 39 too large)

.vector_40      0x9fc01700        0x0
 *(.vector_40)
                0x00000001                ASSERT (((_vector_spacing == 0x0) || (SIZEOF (.vector_40) <= (_vector_spacing << 0x5))), function at exception vector 40 too large)

.vector_41      0x9fc01720        0x0
 *(.vector_41)
                0x00000001                ASSERT (((_vector_spacing == 0x0) || (SIZEOF (.vector_41) <= (_vector_spacing << 0x5))), function at exception vector 41 too large)

.vector_42      0x9fc01740        0x0
 *(.vector_42)
                0x00000001                ASSERT (((_vector_spacing == 0x0) || (SIZEOF (.vector_42) <= (_vector_spacing << 0x5))), function at exception vector 42 too large)

.vector_43      0x9fc01760        0x0
 *(.vector_43)
                0x00000001                ASSERT (((_vector_spacing == 0x0) || (SIZEOF (.vector_43) <= (_vector_spacing << 0x5))), function at exception vector 43 too large)

.vector_44      0x9fc01780        0x0
 *(.vector_44)
                0x00000001                ASSERT (((_vector_spacing == 0x0) || (SIZEOF (.vector_44) <= (_vector_spacing << 0x5))), function at exception vector 44 too large)

.vector_45      0x9fc017a0        0x8
 *(.vector_45)
 .vector_45     0x9fc017a0        0x8 Objects\460F512L PIM\usb_device.o
                0x00000001                ASSERT (((_vector_spacing == 0x0) || (SIZEOF (.vector_45) <= (_vector_spacing << 0x5))), function at exception vector 45 too large)

.vector_46      0x9fc017c0        0x0
 *(.vector_46)
                0x00000001                ASSERT (((_vector_spacing == 0x0) || (SIZEOF (.vector_46) <= (_vector_spacing << 0x5))), function at exception vector 46 too large)

.vector_47      0x9fc017e0        0x0
 *(.vector_47)
                0x00000001                ASSERT (((_vector_spacing == 0x0) || (SIZEOF (.vector_47) <= (_vector_spacing << 0x5))), function at exception vector 47 too large)

.vector_48      0x9fc01800        0x0
 *(.vector_48)
                0x00000001                ASSERT (((_vector_spacing == 0x0) || (SIZEOF (.vector_48) <= (_vector_spacing << 0x5))), function at exception vector 48 too large)

.vector_49      0x9fc01820        0x0
 *(.vector_49)
                0x00000001                ASSERT (((_vector_spacing == 0x0) || (SIZEOF (.vector_49) <= (_vector_spacing << 0x5))), function at exception vector 49 too large)

.vector_50      0x9fc01840        0x0
 *(.vector_50)
                0x00000001                ASSERT (((_vector_spacing == 0x0) || (SIZEOF (.vector_50) <= (_vector_spacing << 0x5))), function at exception vector 50 too large)

.vector_51      0x9fc01860        0x0
 *(.vector_51)
                0x00000001                ASSERT (((_vector_spacing == 0x0) || (SIZEOF (.vector_51) <= (_vector_spacing << 0x5))), function at exception vector 51 too large)

.vector_52      0x9fc01880        0x0
 *(.vector_52)
                0x00000001                ASSERT (((_vector_spacing == 0x0) || (SIZEOF (.vector_52) <= (_vector_spacing << 0x5))), function at exception vector 52 too large)

.vector_53      0x9fc018a0        0x0
 *(.vector_53)
                0x00000001                ASSERT (((_vector_spacing == 0x0) || (SIZEOF (.vector_53) <= (_vector_spacing << 0x5))), function at exception vector 53 too large)

.vector_54      0x9fc018c0        0x0
 *(.vector_54)
                0x00000001                ASSERT (((_vector_spacing == 0x0) || (SIZEOF (.vector_54) <= (_vector_spacing << 0x5))), function at exception vector 54 too large)

.vector_55      0x9fc018e0        0x0
 *(.vector_55)
                0x00000001                ASSERT (((_vector_spacing == 0x0) || (SIZEOF (.vector_55) <= (_vector_spacing << 0x5))), function at exception vector 55 too large)

.vector_56      0x9fc01900        0x0
 *(.vector_56)
                0x00000001                ASSERT (((_vector_spacing == 0x0) || (SIZEOF (.vector_56) <= (_vector_spacing << 0x5))), function at exception vector 56 too large)

.vector_57      0x9fc01920        0x0
 *(.vector_57)
                0x00000001                ASSERT (((_vector_spacing == 0x0) || (SIZEOF (.vector_57) <= (_vector_spacing << 0x5))), function at exception vector 57 too large)

.vector_58      0x9fc01940        0x0
 *(.vector_58)
                0x00000001                ASSERT (((_vector_spacing == 0x0) || (SIZEOF (.vector_58) <= (_vector_spacing << 0x5))), function at exception vector 58 too large)

.vector_59      0x9fc01960        0x0
 *(.vector_59)
                0x00000001                ASSERT (((_vector_spacing == 0x0) || (SIZEOF (.vector_59) <= (_vector_spacing << 0x5))), function at exception vector 59 too large)

.vector_60      0x9fc01980        0x0
 *(.vector_60)
                0x00000001                ASSERT (((_vector_spacing == 0x0) || (SIZEOF (.vector_60) <= (_vector_spacing << 0x5))), function at exception vector 60 too large)

.vector_61      0x9fc019a0        0x0
 *(.vector_61)
                0x00000001                ASSERT (((_vector_spacing == 0x0) || (SIZEOF (.vector_61) <= (_vector_spacing << 0x5))), function at exception vector 61 too large)

.vector_62      0x9fc019c0        0x0
 *(.vector_62)
                0x00000001                ASSERT (((_vector_spacing == 0x0) || (SIZEOF (.vector_62) <= (_vector_spacing << 0x5))), function at exception vector 62 too large)

.vector_63      0x9fc019e0        0x0
 *(.vector_63)
                0x00000001                ASSERT (((_vector_spacing == 0x0) || (SIZEOF (.vector_63) <= (_vector_spacing << 0x5))), function at exception vector 63 too large)

.startup
 *(.startup)

.text
 *(.stub .gnu.linkonce.t.*)
 *(.text.*personality*)
 *(.mips16.fn.*)
 *(.mips16.call.*)
 *(.gnu.warning)

.rodata         0x9d000000        0x0
 *(.rodata.* .gnu.linkonce.r.*)
 *(.rodata1)
                0x9d000000                . = ALIGN (0x4)

.sdata2         0x9fc00490        0x0
 *(.sdata2 .sdata2.* .gnu.linkonce.s2.*)
                0x9fc00490                . = ALIGN (0x4)

.sbss2          0x9fc00490        0x0
 *(.sbss2 .sbss2.* .gnu.linkonce.sb2.*)
                0x9fc00490                . = ALIGN (0x4)

.eh_frame_hdr
 *(.eh_frame_hdr)

.eh_frame
 *(.eh_frame)

.dbg_data       0xa0000000        0x0
                0xa0000000                . = (. + DEFINED (_DEBUGGER)?0x200:0x0)

.persist        0xa0000000        0x0
                0xa0000000                _persist_begin = .
 *(.persist .persist.*)
                0xa0000000                . = ALIGN (0x4)
                0xa0000000                _persist_end = .

.eh_frame
 *(.eh_frame)
                0xa0000000                . = .
                0xa0007ff0                _gp = (ALIGN (0x10) + 0x7ff0)

.got
 *(.got.plt)
 *(.got)

.sdata          0xa0000000        0x4
                0xa0000000                _sdata_begin = .
 *(.sdata .sdata.* .gnu.linkonce.s.*)
 .sdata         0xa0000000        0x4 Objects\460F512L PIM\main.o
                0xa0000000                blinkStatusValid
                0xa0000004                _sdata_end = .

.lit8
 *(.lit8)

.lit4
 *(.lit4)
                0xa0000004                . = ALIGN (0x4)
                0xa0000004                _data_end = .
                0xa0000004                _bss_begin = .

.sbss           0xa0000004       0x8c
                0xa0000004                _sbss_begin = .
 *(.dynsbss)
 *(.sbss .sbss.* .gnu.linkonce.sb.*)
 .sbss          0xa0000004       0x10 Objects\460F512L PIM\main.o
                0xa0000004                isPressed
                0xa0000008                USBOutHandle
                0xa000000c                USBInHandle
 *(.scommon)
 .scommon       0xa0000014       0x74 Objects\460F512L PIM\usb_device.o
                0xa0000014                pDst
                0xa0000018                USBDeferINDataStagePackets
                0xa000001c                CtrlTrfData
                0xa0000024                hid_report_out
                0xa0000028                USBDeferOUTDataStagePackets
                0xa000002c                USBDeviceState
                0xa0000030                controlTransferState
                0xa0000031                endpoint_number
                0xa0000034                pBDTEntryIn
                0xa000003c                hid_report_in
                0xa0000040                ep_data_out
                0xa0000044                USBStatusStageEnabledFlag1
                0xa0000048                USBStatusStageEnabledFlag2
                0xa000004c                pBDTEntryOut
                0xa0000054                BothEP0OutUOWNsSet
                0xa0000058                pBDTEntryEP0OutNext
                0xa000005c                USBBusIsSuspended
                0xa0000060                USBStatusStageTimeoutCounter
                0xa0000064                SetupPkt
                0xa000006c                ep_data_in
                0xa000006e                shortPacketStatus
                0xa0000070                pBDTEntryEP0OutCurrent
                0xa0000074                USBActiveConfiguration
                0xa0000078                RemoteWakeup
                0xa000007c                USTATcopy
                0xa0000080                USBAlternateInterface
                0xa0000084                USBDeferStatusStagePacket
 .scommon       0xa0000088        0x2 Objects\460F512L PIM\usb_function_hid.o
                0xa0000088                active_protocol
                0xa0000089                idle_rate
 *fill*         0xa000008a        0x2 00
 .scommon       0xa000008c        0x4 Objects\460F512L PIM\lcd_demo.o
                0xa000008c                _uLCDloops
                0xa0000090                _sbss_end = .

.bss            0xa0000200      0x25c
 *(.dynbss)
 *(COMMON)
 COMMON         0xa0000200       0x80 Objects\460F512L PIM\main.o
                0xa0000200                ReceivedDataBuffer
                0xa0000240                ToSendDataBuffer
 *fill*         0xa0000280      0x180 00
 COMMON         0xa0000400       0x5b Objects\460F512L PIM\usb_device.o
                0xa0000400                BDT
                0xa0000440                inPipes
                0xa0000450                outPipes
                0xa000045c                . = ALIGN (0x4)
 *fill*         0xa000045b        0x1 00
                0xa000045c                . = ALIGN (0x4)
                0xa000045c                _end = .
                0xa000045c                _bss_end = .
                0x00008000                _bmxdudba_address = 0x8000
                0x00008000                _bmxdupba_address = 0x8000

/DISCARD/
 *(.pdr)
 *(.reginfo)
 *(.rel.dyn)
 *(.note.GNU-stack)
 *(.note.GNU-stack)
 *(.gnu_debuglink)
 *(.gnu.lto_*)
 *(.discard)

.stab
 *(.stab)

.stabstr
 *(.stabstr)

.stab.excl
 *(.stab.excl)

.stab.exclstr
 *(.stab.exclstr)

.stab.index
 *(.stab.index)

.stab.indexstr
 *(.stab.indexstr)

.comment        0x00000000       0xf7
 *(.comment)
 .comment       0x00000000       0x51 Objects\460F512L PIM\main.o
                                 0x52 (size before relaxing)
 .comment       0x00000000       0x52 Objects\460F512L PIM\usb_device.o
 .comment       0x00000000       0x52 Objects\460F512L PIM\usb_function_hid.o
 .comment       0x00000000       0x52 Objects\460F512L PIM\lcd_demo.o
 .comment       0x00000000       0x52 Objects\460F512L PIM\usb_descriptors.o
 .comment       0x00000051       0x55 c:/program files (x86)/microchip/mplabc32/v2.02/bin/../lib/gcc/pic32mx/4.5.1/../../../../pic32mx/lib\libc.a(memset.o)
                                 0x56 (size before relaxing)
 .comment       0x00000000       0x52 c:/program files (x86)/microchip/mplabc32/v2.02/bin/../lib/gcc/pic32mx/4.5.1/../../../../pic32mx/lib\libc.a(default-general-exception-handler.o)
 .comment       0x00000000       0x52 c:/program files (x86)/microchip/mplabc32/v2.02/bin/../lib/gcc/pic32mx/4.5.1/../../../../pic32mx/lib\libc.a(default-bootstrap-exception-handler.o)
 .comment       0x00000000       0x52 c:/program files (x86)/microchip/mplabc32/v2.02/bin/../lib/gcc/pic32mx/4.5.1/../../../../pic32mx/lib\libc.a(default-on-reset.o)
 .comment       0x00000000       0x52 c:/program files (x86)/microchip/mplabc32/v2.02/bin/../lib/gcc/pic32mx/4.5.1/../../../../pic32mx/lib\libc.a(default-on-bootstrap.o)
 .comment       0x000000a6       0x51 c:/program files (x86)/microchip/mplabc32/v2.02/bin/../lib/gcc/pic32mx/4.5.1/../../../../pic32mx/lib\libmchp_peripheral_32MX460F512L.a(int_enable_interrupts_lib.o)
                                 0x52 (size before relaxing)
 .comment       0x00000000       0x52 c:/program files (x86)/microchip/mplabc32/v2.02/bin/../lib/gcc/pic32mx/4.5.1/../../../../pic32mx/lib\libmchp_peripheral_32MX460F512L.a(int_enable_mv_int_lib.o)

.debug
 *(.debug)

.line
 *(.line)

.debug_srcinfo
 *(.debug_srcinfo)

.debug_sfnames
 *(.debug_sfnames)

.debug_aranges  0x00000000      0x140
 *(.debug_aranges)
 .debug_aranges
                0x00000000       0x20 Objects\460F512L PIM\main.o
 .debug_aranges
                0x00000020       0x20 Objects\460F512L PIM\usb_device.o
 .debug_aranges
                0x00000040       0x20 Objects\460F512L PIM\usb_function_hid.o
 .debug_aranges
                0x00000060       0x20 Objects\460F512L PIM\lcd_demo.o
 .debug_aranges
                0x00000080       0x20 c:/program files (x86)/microchip/mplabc32/v2.02/bin/../lib/gcc/pic32mx/4.5.1/../../../../pic32mx/lib\libc.a(default-general-exception-handler.o)
 .debug_aranges
                0x000000a0       0x20 c:/program files (x86)/microchip/mplabc32/v2.02/bin/../lib/gcc/pic32mx/4.5.1/../../../../pic32mx/lib\libc.a(default-bootstrap-exception-handler.o)
 .debug_aranges
                0x000000c0       0x20 c:/program files (x86)/microchip/mplabc32/v2.02/bin/../lib/gcc/pic32mx/4.5.1/../../../../pic32mx/lib\libc.a(default-on-reset.o)
 .debug_aranges
                0x000000e0       0x20 c:/program files (x86)/microchip/mplabc32/v2.02/bin/../lib/gcc/pic32mx/4.5.1/../../../../pic32mx/lib\libc.a(default-on-bootstrap.o)
 .debug_aranges
                0x00000100       0x20 c:/program files (x86)/microchip/mplabc32/v2.02/bin/../lib/gcc/pic32mx/4.5.1/../../../../pic32mx/lib\libmchp_peripheral_32MX460F512L.a(int_enable_interrupts_lib.o)
 .debug_aranges
                0x00000120       0x20 c:/program files (x86)/microchip/mplabc32/v2.02/bin/../lib/gcc/pic32mx/4.5.1/../../../../pic32mx/lib\libmchp_peripheral_32MX460F512L.a(int_enable_mv_int_lib.o)

.debug_pubnames
                0x00000000      0x7cc
 *(.debug_pubnames)
 .debug_pubnames
                0x00000000      0x1c8 Objects\460F512L PIM\main.o
 .debug_pubnames
                0x000001c8      0x35f Objects\460F512L PIM\usb_device.o
 .debug_pubnames
                0x00000527       0x4b Objects\460F512L PIM\usb_function_hid.o
 .debug_pubnames
                0x00000572       0xd1 Objects\460F512L PIM\lcd_demo.o
 .debug_pubnames
                0x00000643       0x81 Objects\460F512L PIM\usb_descriptors.o
 .debug_pubnames
                0x000006c4       0x31 c:/program files (x86)/microchip/mplabc32/v2.02/bin/../lib/gcc/pic32mx/4.5.1/../../../../pic32mx/lib\libc.a(default-general-exception-handler.o)
 .debug_pubnames
                0x000006f5       0x33 c:/program files (x86)/microchip/mplabc32/v2.02/bin/../lib/gcc/pic32mx/4.5.1/../../../../pic32mx/lib\libc.a(default-bootstrap-exception-handler.o)
 .debug_pubnames
                0x00000728       0x20 c:/program files (x86)/microchip/mplabc32/v2.02/bin/../lib/gcc/pic32mx/4.5.1/../../../../pic32mx/lib\libc.a(default-on-reset.o)
 .debug_pubnames
                0x00000748       0x24 c:/program files (x86)/microchip/mplabc32/v2.02/bin/../lib/gcc/pic32mx/4.5.1/../../../../pic32mx/lib\libc.a(default-on-bootstrap.o)
 .debug_pubnames
                0x0000076c       0x2a c:/program files (x86)/microchip/mplabc32/v2.02/bin/../lib/gcc/pic32mx/4.5.1/../../../../pic32mx/lib\libmchp_peripheral_32MX460F512L.a(int_enable_interrupts_lib.o)
 .debug_pubnames
                0x00000796       0x36 c:/program files (x86)/microchip/mplabc32/v2.02/bin/../lib/gcc/pic32mx/4.5.1/../../../../pic32mx/lib\libmchp_peripheral_32MX460F512L.a(int_enable_mv_int_lib.o)

.debug_info     0x00000000     0xa809
 *(.debug_info .gnu.linkonce.wi.*)
 .debug_info    0x00000000     0x352b Objects\460F512L PIM\main.o
 .debug_info    0x0000352b     0x394b Objects\460F512L PIM\usb_device.o
 .debug_info    0x00006e76     0x1ae3 Objects\460F512L PIM\usb_function_hid.o
 .debug_info    0x00008959      0x327 Objects\460F512L PIM\lcd_demo.o
 .debug_info    0x00008c80     0x161f Objects\460F512L PIM\usb_descriptors.o
 .debug_info    0x0000a29f      0x102 c:/program files (x86)/microchip/mplabc32/v2.02/bin/../lib/gcc/pic32mx/4.5.1/../../../../pic32mx/lib\libc.a(default-general-exception-handler.o)
 .debug_info    0x0000a3a1      0x106 c:/program files (x86)/microchip/mplabc32/v2.02/bin/../lib/gcc/pic32mx/4.5.1/../../../../pic32mx/lib\libc.a(default-bootstrap-exception-handler.o)
 .debug_info    0x0000a4a7       0xe0 c:/program files (x86)/microchip/mplabc32/v2.02/bin/../lib/gcc/pic32mx/4.5.1/../../../../pic32mx/lib\libc.a(default-on-reset.o)
 .debug_info    0x0000a587       0xe8 c:/program files (x86)/microchip/mplabc32/v2.02/bin/../lib/gcc/pic32mx/4.5.1/../../../../pic32mx/lib\libc.a(default-on-bootstrap.o)
 .debug_info    0x0000a66f       0xc9 c:/program files (x86)/microchip/mplabc32/v2.02/bin/../lib/gcc/pic32mx/4.5.1/../../../../pic32mx/lib\libmchp_peripheral_32MX460F512L.a(int_enable_interrupts_lib.o)
 .debug_info    0x0000a738       0xd1 c:/program files (x86)/microchip/mplabc32/v2.02/bin/../lib/gcc/pic32mx/4.5.1/../../../../pic32mx/lib\libmchp_peripheral_32MX460F512L.a(int_enable_mv_int_lib.o)

.debug_abbrev   0x00000000      0xa9f
 *(.debug_abbrev)
 .debug_abbrev  0x00000000      0x263 Objects\460F512L PIM\main.o
 .debug_abbrev  0x00000263      0x2f5 Objects\460F512L PIM\usb_device.o
 .debug_abbrev  0x00000558      0x1e3 Objects\460F512L PIM\usb_function_hid.o
 .debug_abbrev  0x0000073b       0xb0 Objects\460F512L PIM\lcd_demo.o
 .debug_abbrev  0x000007eb      0x1d6 Objects\460F512L PIM\usb_descriptors.o
 .debug_abbrev  0x000009c1       0x25 c:/program files (x86)/microchip/mplabc32/v2.02/bin/../lib/gcc/pic32mx/4.5.1/../../../../pic32mx/lib\libc.a(default-general-exception-handler.o)
 .debug_abbrev  0x000009e6       0x25 c:/program files (x86)/microchip/mplabc32/v2.02/bin/../lib/gcc/pic32mx/4.5.1/../../../../pic32mx/lib\libc.a(default-bootstrap-exception-handler.o)
 .debug_abbrev  0x00000a0b       0x25 c:/program files (x86)/microchip/mplabc32/v2.02/bin/../lib/gcc/pic32mx/4.5.1/../../../../pic32mx/lib\libc.a(default-on-reset.o)
 .debug_abbrev  0x00000a30       0x25 c:/program files (x86)/microchip/mplabc32/v2.02/bin/../lib/gcc/pic32mx/4.5.1/../../../../pic32mx/lib\libc.a(default-on-bootstrap.o)
 .debug_abbrev  0x00000a55       0x25 c:/program files (x86)/microchip/mplabc32/v2.02/bin/../lib/gcc/pic32mx/4.5.1/../../../../pic32mx/lib\libmchp_peripheral_32MX460F512L.a(int_enable_interrupts_lib.o)
 .debug_abbrev  0x00000a7a       0x25 c:/program files (x86)/microchip/mplabc32/v2.02/bin/../lib/gcc/pic32mx/4.5.1/../../../../pic32mx/lib\libmchp_peripheral_32MX460F512L.a(int_enable_mv_int_lib.o)

.debug_line     0x00000000     0x13b1
 *(.debug_line)
 .debug_line    0x00000000      0x429 Objects\460F512L PIM\main.o
 .debug_line    0x00000429      0x688 Objects\460F512L PIM\usb_device.o
 .debug_line    0x00000ab1      0x270 Objects\460F512L PIM\usb_function_hid.o
 .debug_line    0x00000d21      0x168 Objects\460F512L PIM\lcd_demo.o
 .debug_line    0x00000e89      0x1d4 Objects\460F512L PIM\usb_descriptors.o
 .debug_line    0x0000105d       0xa4 c:/program files (x86)/microchip/mplabc32/v2.02/bin/../lib/gcc/pic32mx/4.5.1/../../../../pic32mx/lib\libc.a(default-general-exception-handler.o)
 .debug_line    0x00001101       0xa6 c:/program files (x86)/microchip/mplabc32/v2.02/bin/../lib/gcc/pic32mx/4.5.1/../../../../pic32mx/lib\libc.a(default-bootstrap-exception-handler.o)
 .debug_line    0x000011a7       0x93 c:/program files (x86)/microchip/mplabc32/v2.02/bin/../lib/gcc/pic32mx/4.5.1/../../../../pic32mx/lib\libc.a(default-on-reset.o)
 .debug_line    0x0000123a       0x97 c:/program files (x86)/microchip/mplabc32/v2.02/bin/../lib/gcc/pic32mx/4.5.1/../../../../pic32mx/lib\libc.a(default-on-bootstrap.o)
 .debug_line    0x000012d1       0x72 c:/program files (x86)/microchip/mplabc32/v2.02/bin/../lib/gcc/pic32mx/4.5.1/../../../../pic32mx/lib\libmchp_peripheral_32MX460F512L.a(int_enable_interrupts_lib.o)
 .debug_line    0x00001343       0x6e c:/program files (x86)/microchip/mplabc32/v2.02/bin/../lib/gcc/pic32mx/4.5.1/../../../../pic32mx/lib\libmchp_peripheral_32MX460F512L.a(int_enable_mv_int_lib.o)

.debug_frame    0x00000000      0x6e8
 *(.debug_frame)
 .debug_frame   0x00000000      0x1e4 Objects\460F512L PIM\main.o
 .debug_frame   0x000001e4      0x2e8 Objects\460F512L PIM\usb_device.o
 .debug_frame   0x000004cc       0x28 Objects\460F512L PIM\usb_function_hid.o
 .debug_frame   0x000004f4      0x12c Objects\460F512L PIM\lcd_demo.o
 .debug_frame   0x00000620       0x20 c:/program files (x86)/microchip/mplabc32/v2.02/bin/../lib/gcc/pic32mx/4.5.1/../../../../pic32mx/lib\libc.a(default-general-exception-handler.o)
 .debug_frame   0x00000640       0x20 c:/program files (x86)/microchip/mplabc32/v2.02/bin/../lib/gcc/pic32mx/4.5.1/../../../../pic32mx/lib\libc.a(default-bootstrap-exception-handler.o)
 .debug_frame   0x00000660       0x20 c:/program files (x86)/microchip/mplabc32/v2.02/bin/../lib/gcc/pic32mx/4.5.1/../../../../pic32mx/lib\libc.a(default-on-reset.o)
 .debug_frame   0x00000680       0x20 c:/program files (x86)/microchip/mplabc32/v2.02/bin/../lib/gcc/pic32mx/4.5.1/../../../../pic32mx/lib\libc.a(default-on-bootstrap.o)
 .debug_frame   0x000006a0       0x20 c:/program files (x86)/microchip/mplabc32/v2.02/bin/../lib/gcc/pic32mx/4.5.1/../../../../pic32mx/lib\libmchp_peripheral_32MX460F512L.a(int_enable_interrupts_lib.o)
 .debug_frame   0x000006c0       0x28 c:/program files (x86)/microchip/mplabc32/v2.02/bin/../lib/gcc/pic32mx/4.5.1/../../../../pic32mx/lib\libmchp_peripheral_32MX460F512L.a(int_enable_mv_int_lib.o)

.debug_str      0x00000000      0x823
 *(.debug_str)
 .debug_str     0x00000000      0x23e Objects\460F512L PIM\main.o
 .debug_str     0x0000023e      0x388 Objects\460F512L PIM\usb_device.o
 .debug_str     0x000005c6      0x146 Objects\460F512L PIM\usb_function_hid.o
 .debug_str     0x0000070c        0xb Objects\460F512L PIM\lcd_demo.o
 .debug_str     0x00000717      0x10c Objects\460F512L PIM\usb_descriptors.o
 .debug_str     0x00000823        0x0 c:/program files (x86)/microchip/mplabc32/v2.02/bin/../lib/gcc/pic32mx/4.5.1/../../../../pic32mx/lib\libc.a(default-general-exception-handler.o)
 .debug_str     0x00000823        0x0 c:/program files (x86)/microchip/mplabc32/v2.02/bin/../lib/gcc/pic32mx/4.5.1/../../../../pic32mx/lib\libc.a(default-bootstrap-exception-handler.o)
 .debug_str     0x00000823        0x0 c:/program files (x86)/microchip/mplabc32/v2.02/bin/../lib/gcc/pic32mx/4.5.1/../../../../pic32mx/lib\libc.a(default-on-reset.o)
 .debug_str     0x00000823        0x0 c:/program files (x86)/microchip/mplabc32/v2.02/bin/../lib/gcc/pic32mx/4.5.1/../../../../pic32mx/lib\libc.a(default-on-bootstrap.o)
 .debug_str     0x00000823        0x0 c:/program files (x86)/microchip/mplabc32/v2.02/bin/../lib/gcc/pic32mx/4.5.1/../../../../pic32mx/lib\libmchp_peripheral_32MX460F512L.a(int_enable_interrupts_lib.o)
 .debug_str     0x00000823        0x0 c:/program files (x86)/microchip/mplabc32/v2.02/bin/../lib/gcc/pic32mx/4.5.1/../../../../pic32mx/lib\libmchp_peripheral_32MX460F512L.a(int_enable_mv_int_lib.o)

.debug_loc
 *(.debug_loc)

.debug_macinfo
 *(.debug_macinfo)

.debug_weaknames
 *(.debug_weaknames)

.debug_funcnames
 *(.debug_funcnames)

.debug_typenames
 *(.debug_typenames)

.debug_varnames
 *(.debug_varnames)

.debug_pubtypes
                0x00000000      0x736
 *(.debug_pubtypes)
 .debug_pubtypes
                0x00000000      0x268 Objects\460F512L PIM\main.o
 .debug_pubtypes
                0x00000268      0x2a7 Objects\460F512L PIM\usb_device.o
 .debug_pubtypes
                0x0000050f      0x108 Objects\460F512L PIM\usb_function_hid.o
 .debug_pubtypes
                0x00000617       0x1b Objects\460F512L PIM\lcd_demo.o
 .debug_pubtypes
                0x00000632      0x104 Objects\460F512L PIM\usb_descriptors.o

.debug_ranges   0x00000000       0x78
 *(.debug_ranges)
 .debug_ranges  0x00000000       0x18 Objects\460F512L PIM\usb_device.o
 .debug_ranges  0x00000018       0x10 c:/program files (x86)/microchip/mplabc32/v2.02/bin/../lib/gcc/pic32mx/4.5.1/../../../../pic32mx/lib\libc.a(default-general-exception-handler.o)
 .debug_ranges  0x00000028       0x10 c:/program files (x86)/microchip/mplabc32/v2.02/bin/../lib/gcc/pic32mx/4.5.1/../../../../pic32mx/lib\libc.a(default-bootstrap-exception-handler.o)
 .debug_ranges  0x00000038       0x10 c:/program files (x86)/microchip/mplabc32/v2.02/bin/../lib/gcc/pic32mx/4.5.1/../../../../pic32mx/lib\libc.a(default-on-reset.o)
 .debug_ranges  0x00000048       0x10 c:/program files (x86)/microchip/mplabc32/v2.02/bin/../lib/gcc/pic32mx/4.5.1/../../../../pic32mx/lib\libc.a(default-on-bootstrap.o)
 .debug_ranges  0x00000058       0x10 c:/program files (x86)/microchip/mplabc32/v2.02/bin/../lib/gcc/pic32mx/4.5.1/../../../../pic32mx/lib\libmchp_peripheral_32MX460F512L.a(int_enable_interrupts_lib.o)
 .debug_ranges  0x00000068       0x10 c:/program files (x86)/microchip/mplabc32/v2.02/bin/../lib/gcc/pic32mx/4.5.1/../../../../pic32mx/lib\libmchp_peripheral_32MX460F512L.a(int_enable_mv_int_lib.o)

.gnu.attributes
                0x00000000       0x10
 *(.gnu.attributes)
 .gnu.attributes
                0x00000000       0x10 Objects\460F512L PIM\main.o
 .gnu.attributes
                0x00000010       0x10 Objects\460F512L PIM\usb_device.o
 .gnu.attributes
                0x00000020       0x10 Objects\460F512L PIM\usb_function_hid.o
 .gnu.attributes
                0x00000030       0x10 Objects\460F512L PIM\lcd_demo.o
 .gnu.attributes
                0x00000040       0x10 Objects\460F512L PIM\usb_descriptors.o
 .gnu.attributes
                0x00000050       0x10 c:/program files (x86)/microchip/mplabc32/v2.02/bin/../lib/gcc/pic32mx/4.5.1/../../../../pic32mx/lib\libc.a(default-general-exception-handler.o)
 .gnu.attributes
                0x00000060       0x10 c:/program files (x86)/microchip/mplabc32/v2.02/bin/../lib/gcc/pic32mx/4.5.1/../../../../pic32mx/lib\libc.a(default-bootstrap-exception-handler.o)
 .gnu.attributes
                0x00000070       0x10 c:/program files (x86)/microchip/mplabc32/v2.02/bin/../lib/gcc/pic32mx/4.5.1/../../../../pic32mx/lib\libc.a(default-on-reset.o)
 .gnu.attributes
                0x00000080       0x10 c:/program files (x86)/microchip/mplabc32/v2.02/bin/../lib/gcc/pic32mx/4.5.1/../../../../pic32mx/lib\libc.a(default-on-bootstrap.o)
 .gnu.attributes
                0x00000090       0x10 c:/program files (x86)/microchip/mplabc32/v2.02/bin/../lib/gcc/pic32mx/4.5.1/../../../../pic32mx/lib\libmchp_peripheral_32MX460F512L.a(int_enable_interrupts_lib.o)
 .gnu.attributes
                0x000000a0       0x10 c:/program files (x86)/microchip/mplabc32/v2.02/bin/../lib/gcc/pic32mx/4.5.1/../../../../pic32mx/lib\libmchp_peripheral_32MX460F512L.a(int_enable_mv_int_lib.o)
OUTPUT(USB Device - HID - Simple Custom Demo - C32 - PIC32MX460F512L PIM.elf elf32-tradlittlemips)
LOAD stack
LOAD data_init

.stack          0xa0000478      0x400
 .stack         0xa0000478      0x400 stack

.bss%z1         0x00000000        0x0
 .bss           0x00000000        0x0 c:/program files (x86)/microchip/mplabc32/v2.02/bin/../lib/gcc/pic32mx/4.5.1/../../../../pic32mx/lib/./proc/32MX460F512L\processor.o

.data%z2        0x00000000        0x0
 .data          0x00000000        0x0 c:/program files (x86)/microchip/mplabc32/v2.02/bin/../lib/gcc/pic32mx/4.5.1/../../../../pic32mx/lib/./proc/32MX460F512L\processor.o

.mdebug.abi32%z3
                0x00000000        0x0
 .mdebug.abi32  0x00000000        0x0 c:/program files (x86)/microchip/mplabc32/v2.02/bin/../lib/gcc/pic32mx/4.5.1/../../../../pic32mx/lib\libmchp_peripheral_32MX460F512L.a(int_enable_mv_int_lib.o)

.bss%z4         0x00000000        0x0
 .bss           0x00000000        0x0 c:/program files (x86)/microchip/mplabc32/v2.02/bin/../lib/gcc/pic32mx/4.5.1/../../../../pic32mx/lib\libmchp_peripheral_32MX460F512L.a(int_enable_mv_int_lib.o)

.data%z5        0x00000000        0x0
 .data          0x00000000        0x0 c:/program files (x86)/microchip/mplabc32/v2.02/bin/../lib/gcc/pic32mx/4.5.1/../../../../pic32mx/lib\libmchp_peripheral_32MX460F512L.a(int_enable_mv_int_lib.o)

.mdebug.abi32%z6
                0x00000000        0x0
 .mdebug.abi32  0x00000000        0x0 c:/program files (x86)/microchip/mplabc32/v2.02/bin/../lib/gcc/pic32mx/4.5.1/../../../../pic32mx/lib\libmchp_peripheral_32MX460F512L.a(int_enable_interrupts_lib.o)

.bss%z7         0x00000000        0x0
 .bss           0x00000000        0x0 c:/program files (x86)/microchip/mplabc32/v2.02/bin/../lib/gcc/pic32mx/4.5.1/../../../../pic32mx/lib\libmchp_peripheral_32MX460F512L.a(int_enable_interrupts_lib.o)

.data%z8        0x00000000        0x0
 .data          0x00000000        0x0 c:/program files (x86)/microchip/mplabc32/v2.02/bin/../lib/gcc/pic32mx/4.5.1/../../../../pic32mx/lib\libmchp_peripheral_32MX460F512L.a(int_enable_interrupts_lib.o)

.bss%z9         0x00000000        0x0
 .bss           0x00000000        0x0 c:/program files (x86)/microchip/mplabc32/v2.02/bin/../lib/gcc/pic32mx/4.5.1/../../../../pic32mx/lib\libc.a(default-nmi-handler.o)

.data%z10       0x00000000        0x0
 .data          0x00000000        0x0 c:/program files (x86)/microchip/mplabc32/v2.02/bin/../lib/gcc/pic32mx/4.5.1/../../../../pic32mx/lib\libc.a(default-nmi-handler.o)

.mdebug.abi32%z11
                0x00000000        0x0
 .mdebug.abi32  0x00000000        0x0 c:/program files (x86)/microchip/mplabc32/v2.02/bin/../lib/gcc/pic32mx/4.5.1/../../../../pic32mx/lib\libc.a(default-on-bootstrap.o)

.bss%z12        0x00000000        0x0
 .bss           0x00000000        0x0 c:/program files (x86)/microchip/mplabc32/v2.02/bin/../lib/gcc/pic32mx/4.5.1/../../../../pic32mx/lib\libc.a(default-on-bootstrap.o)

.data%z13       0x00000000        0x0
 .data          0x00000000        0x0 c:/program files (x86)/microchip/mplabc32/v2.02/bin/../lib/gcc/pic32mx/4.5.1/../../../../pic32mx/lib\libc.a(default-on-bootstrap.o)

.mdebug.abi32%z14
                0x00000000        0x0
 .mdebug.abi32  0x00000000        0x0 c:/program files (x86)/microchip/mplabc32/v2.02/bin/../lib/gcc/pic32mx/4.5.1/../../../../pic32mx/lib\libc.a(default-on-reset.o)

.bss%z15        0x00000000        0x0
 .bss           0x00000000        0x0 c:/program files (x86)/microchip/mplabc32/v2.02/bin/../lib/gcc/pic32mx/4.5.1/../../../../pic32mx/lib\libc.a(default-on-reset.o)

.data%z16       0x00000000        0x0
 .data          0x00000000        0x0 c:/program files (x86)/microchip/mplabc32/v2.02/bin/../lib/gcc/pic32mx/4.5.1/../../../../pic32mx/lib\libc.a(default-on-reset.o)

.mdebug.abi32%z17
                0x00000000        0x0
 .mdebug.abi32  0x00000000        0x0 c:/program files (x86)/microchip/mplabc32/v2.02/bin/../lib/gcc/pic32mx/4.5.1/../../../../pic32mx/lib\libc.a(default-bootstrap-exception-handler.o)

.bss%z18        0x00000000        0x0
 .bss           0x00000000        0x0 c:/program files (x86)/microchip/mplabc32/v2.02/bin/../lib/gcc/pic32mx/4.5.1/../../../../pic32mx/lib\libc.a(default-bootstrap-exception-handler.o)

.data%z19       0x00000000        0x0
 .data          0x00000000        0x0 c:/program files (x86)/microchip/mplabc32/v2.02/bin/../lib/gcc/pic32mx/4.5.1/../../../../pic32mx/lib\libc.a(default-bootstrap-exception-handler.o)

.mdebug.abi32%z20
                0x00000000        0x0
 .mdebug.abi32  0x00000000        0x0 c:/program files (x86)/microchip/mplabc32/v2.02/bin/../lib/gcc/pic32mx/4.5.1/../../../../pic32mx/lib\libc.a(default-general-exception-handler.o)

.bss%z21        0x00000000        0x0
 .bss           0x00000000        0x0 c:/program files (x86)/microchip/mplabc32/v2.02/bin/../lib/gcc/pic32mx/4.5.1/../../../../pic32mx/lib\libc.a(default-general-exception-handler.o)

.data%z22       0x00000000        0x0
 .data          0x00000000        0x0 c:/program files (x86)/microchip/mplabc32/v2.02/bin/../lib/gcc/pic32mx/4.5.1/../../../../pic32mx/lib\libc.a(default-general-exception-handler.o)

.bss%z23        0x00000000        0x0
 .bss           0x00000000        0x0 c:/program files (x86)/microchip/mplabc32/v2.02/bin/../lib/gcc/pic32mx/4.5.1/../../../../pic32mx/lib\libc.a(general-exception.o)

.data%z24       0x00000000        0x0
 .data          0x00000000        0x0 c:/program files (x86)/microchip/mplabc32/v2.02/bin/../lib/gcc/pic32mx/4.5.1/../../../../pic32mx/lib\libc.a(general-exception.o)

.bss%z25        0x00000000        0x0
 .bss           0x00000000        0x0 c:/program files (x86)/microchip/mplabc32/v2.02/bin/../lib/gcc/pic32mx/4.5.1/../../../../pic32mx/lib\libc.a(memset.o)

.data%z26       0x00000000        0x0
 .data          0x00000000        0x0 c:/program files (x86)/microchip/mplabc32/v2.02/bin/../lib/gcc/pic32mx/4.5.1/../../../../pic32mx/lib\libc.a(memset.o)

.mdebug.abi32%z27
                0x00000000        0x0
 .mdebug.abi32  0x00000000        0x0 Objects\460F512L PIM\usb_descriptors.o

.bss%z28        0x00000000        0x0
 .bss           0x00000000        0x0 Objects\460F512L PIM\usb_descriptors.o

.data%z29       0x00000000        0x0
 .data          0x00000000        0x0 Objects\460F512L PIM\usb_descriptors.o

.mdebug.abi32%z30
                0x00000000        0x0
 .mdebug.abi32  0x00000000        0x0 Objects\460F512L PIM\lcd_demo.o

.bss%z31        0x00000000        0x0
 .bss           0x00000000        0x0 Objects\460F512L PIM\lcd_demo.o

.data%z32       0x00000000        0x0
 .data          0x00000000        0x0 Objects\460F512L PIM\lcd_demo.o

.mdebug.abi32%z33
                0x00000000        0x0
 .mdebug.abi32  0x00000000        0x0 Objects\460F512L PIM\usb_function_hid.o

.bss%z34        0x00000000        0x0
 .bss           0x00000000        0x0 Objects\460F512L PIM\usb_function_hid.o

.data%z35       0x00000000        0x0
 .data          0x00000000        0x0 Objects\460F512L PIM\usb_function_hid.o

.mdebug.abi32%z36
                0x00000000        0x0
 .mdebug.abi32  0x00000000        0x0 Objects\460F512L PIM\usb_device.o

.bss%z37        0x00000000        0x0
 .bss           0x00000000        0x0 Objects\460F512L PIM\usb_device.o

.data%z38       0x00000000        0x0
 .data          0x00000000        0x0 Objects\460F512L PIM\usb_device.o

.mdebug.abi32%z39
                0x00000000        0x0
 .mdebug.abi32  0x00000000        0x0 Objects\460F512L PIM\main.o

.bss%z40        0x00000000        0x0
 .bss           0x00000000        0x0 Objects\460F512L PIM\main.o

.data%z41       0x00000000        0x0
 .data          0x00000000        0x0 Objects\460F512L PIM\main.o

.bss%z42        0x00000000        0x0
 .bss           0x00000000        0x0 c:/program files (x86)/microchip/mplabc32/v2.02/bin/../lib/gcc/pic32mx/4.5.1/../../../../pic32mx/lib/crt0.o

.data%z43       0x00000000        0x0
 .data          0x00000000        0x0 c:/program files (x86)/microchip/mplabc32/v2.02/bin/../lib/gcc/pic32mx/4.5.1/../../../../pic32mx/lib/crt0.o

.text           0x9d000008     0x5228
 .text          0x9d000008     0x365c Objects\460F512L PIM\usb_device.o
                0x9d000008                USBDeviceInit
                0x9d0002f8                _USB1Interrupt
                0x9d001a44                USBCtrlEPAllowStatusStage
                0x9d001c70                USBCtrlEPAllowDataStage
                0x9d002c10                USBEnableEndpoint
                0x9d002cb4                USBStallEndpoint
                0x9d002ec0                USBTransferOnePacket
                0x9d003128                USBCancelIO
                0x9d003534                USBDeviceDetach
                0x9d003568                USBDeviceAttach
 .text          0x9d003664     0x13b8 Objects\460F512L PIM\main.o
                0x9d003664                main
                0x9d0039f0                ReadScreenPoints
                0x9d003ba4                UserInit
                0x9d003c4c                ProcessIO
                0x9d0041e8                ReadPOT
                0x9d0042c8                BlinkUSBStatus
                0x9d00455c                USBCBSuspend
                0x9d00457c                USBCBWakeFromSuspend
                0x9d00459c                USBCB_SOF_Handler
                0x9d0045bc                USBCBErrorHandler
                0x9d0045dc                USBCBCheckOtherReq
                0x9d00460c                USBCBStdSetDscHandler
                0x9d00462c                USBCBInitEP
                0x9d004684                USBCBSendResume
                0x9d004778                USER_USB_CALLBACK_EVENT_HANDLER
                0x9d0048c0                LCDDisplayString
                0x9d0049d8                delay
 .text          0x9d004a1c      0x588 Objects\460F512L PIM\lcd_demo.o
                0x9d004a1c                LCDInit
                0x9d004b80                LCDHome
                0x9d004bdc                LCDL1Home
                0x9d004c38                LCDL2Home
                0x9d004c94                LCDClear
                0x9d004cf0                LCDPut
                0x9d004d58                LCDShiftCursorLeft
                0x9d004dac                LCDShiftCursorRight
                0x9d004e00                LCDShiftCursorUp
                0x9d004eb0                LCDShiftCursorDown
                0x9d004f60                Wait
 .text          0x9d004fa4      0x28c Objects\460F512L PIM\usb_function_hid.o
                0x9d004fa4                USBCheckHIDRequest

.rodata         0x9d005230       0xd4
 .rodata        0x9d005230       0xd4 Objects\460F512L PIM\usb_descriptors.o
                0x9d005230                device_dsc
                0x9d005244                configDescriptor1
                0x9d005270                sd000
                0x9d005274                sd001
                0x9d0052a8                sd002
                0x9d0052d8                hid_rpt01
                0x9d0052f4                USB_CD_Ptr
                0x9d0052f8                USB_SD_Ptr

.text.general_exception
                0x9d005304       0xd0
 .text.general_exception
                0x9d005304       0xd0 c:/program files (x86)/microchip/mplabc32/v2.02/bin/../lib/gcc/pic32mx/4.5.1/../../../../pic32mx/lib\libc.a(general-exception.o)
                0x9d005304                _general_exception_context

.text           0x9d0053d4       0xa8
 .text          0x9d0053d4       0xa8 c:/program files (x86)/microchip/mplabc32/v2.02/bin/../lib/gcc/pic32mx/4.5.1/../../../../pic32mx/lib\libc.a(memset.o)
                0x9d0053d4                memset

.rodata         0x9d00547c       0x88
 .rodata        0x9d00547c       0x88 Objects\460F512L PIM\main.o

.dinit          0x9d005504       0x38
 .dinit         0x9d005504       0x38 data_init

.text.INTEnableSystemMultiVectoredInt
                0x9d00553c       0x34
 .text.INTEnableSystemMultiVectoredInt
                0x9d00553c       0x34 c:/program files (x86)/microchip/mplabc32/v2.02/bin/../lib/gcc/pic32mx/4.5.1/../../../../pic32mx/lib\libmchp_peripheral_32MX460F512L.a(int_enable_mv_int_lib.o)
                0x9d00553c                INTEnableSystemMultiVectoredInt

.text           0x9d005570       0x28
 .text          0x9d005570       0x18 c:/program files (x86)/microchip/mplabc32/v2.02/bin/../lib/gcc/pic32mx/4.5.1/../../../../pic32mx/lib\libc.a(default-nmi-handler.o)
                0x9d005570                _nmi_handler
 .text          0x9d005588       0x10 c:/program files (x86)/microchip/mplabc32/v2.02/bin/../lib/gcc/pic32mx/4.5.1/../../../../pic32mx/lib/crt0.o
                0x9d005590                __crt0_exit

.text._general_exception_handler
                0x9d005598        0xc
 .text._general_exception_handler
                0x9d005598        0xc c:/program files (x86)/microchip/mplabc32/v2.02/bin/../lib/gcc/pic32mx/4.5.1/../../../../pic32mx/lib\libc.a(default-general-exception-handler.o)
                0x9d005598                _general_exception_handler

.text._bootstrap_exception_handler
                0x9d0055a4        0xc
 .text._bootstrap_exception_handler
                0x9d0055a4        0xc c:/program files (x86)/microchip/mplabc32/v2.02/bin/../lib/gcc/pic32mx/4.5.1/../../../../pic32mx/lib\libc.a(default-bootstrap-exception-handler.o)
                0x9d0055a4                _bootstrap_exception_handler

.text._on_reset
                0x9d0055b0        0x8
 .text._on_reset
                0x9d0055b0        0x8 c:/program files (x86)/microchip/mplabc32/v2.02/bin/../lib/gcc/pic32mx/4.5.1/../../../../pic32mx/lib\libc.a(default-on-reset.o)
                0x9d0055b0                _on_reset

.text._on_bootstrap
                0x9d0055b8        0x8
 .text._on_bootstrap
                0x9d0055b8        0x8 c:/program files (x86)/microchip/mplabc32/v2.02/bin/../lib/gcc/pic32mx/4.5.1/../../../../pic32mx/lib\libc.a(default-on-bootstrap.o)
                0x9d0055b8                _on_bootstrap

.text.INTEnableInterrupts
                0x9d0055c0        0x8
 .text.INTEnableInterrupts
                0x9d0055c0        0x8 c:/program files (x86)/microchip/mplabc32/v2.02/bin/../lib/gcc/pic32mx/4.5.1/../../../../pic32mx/lib\libmchp_peripheral_32MX460F512L.a(int_enable_interrupts_lib.o)
                0x9d0055c0                INTEnableInterrupts

.text%z44       0x00000000        0x0
 .text          0x00000000        0x0 c:/program files (x86)/microchip/mplabc32/v2.02/bin/../lib/gcc/pic32mx/4.5.1/../../../../pic32mx/lib/./proc/32MX460F512L\processor.o

.text%z45       0x00000000        0x0
 .text          0x00000000        0x0 c:/program files (x86)/microchip/mplabc32/v2.02/bin/../lib/gcc/pic32mx/4.5.1/../../../../pic32mx/lib\libmchp_peripheral_32MX460F512L.a(int_enable_mv_int_lib.o)

.text%z46       0x00000000        0x0
 .text          0x00000000        0x0 c:/program files (x86)/microchip/mplabc32/v2.02/bin/../lib/gcc/pic32mx/4.5.1/../../../../pic32mx/lib\libmchp_peripheral_32MX460F512L.a(int_enable_interrupts_lib.o)

.text%z47       0x00000000        0x0
 .text          0x00000000        0x0 c:/program files (x86)/microchip/mplabc32/v2.02/bin/../lib/gcc/pic32mx/4.5.1/../../../../pic32mx/lib\libc.a(default-on-bootstrap.o)

.text%z48       0x00000000        0x0
 .text          0x00000000        0x0 c:/program files (x86)/microchip/mplabc32/v2.02/bin/../lib/gcc/pic32mx/4.5.1/../../../../pic32mx/lib\libc.a(default-on-reset.o)

.text%z49       0x00000000        0x0
 .text          0x00000000        0x0 c:/program files (x86)/microchip/mplabc32/v2.02/bin/../lib/gcc/pic32mx/4.5.1/../../../../pic32mx/lib\libc.a(default-bootstrap-exception-handler.o)

.text%z50       0x00000000        0x0
 .text          0x00000000        0x0 c:/program files (x86)/microchip/mplabc32/v2.02/bin/../lib/gcc/pic32mx/4.5.1/../../../../pic32mx/lib\libc.a(default-general-exception-handler.o)

.text%z51       0x00000000        0x0
 .text          0x00000000        0x0 c:/program files (x86)/microchip/mplabc32/v2.02/bin/../lib/gcc/pic32mx/4.5.1/../../../../pic32mx/lib\libc.a(general-exception.o)

.text%z52       0x00000000        0x0
 .text          0x00000000        0x0 Objects\460F512L PIM\usb_descriptors.o
